// Jest Snapshot v1, https://goo.gl/fbAQLP

exports[`App component renders App 1`] = `
<DocumentFragment>
  HeaderDropdown Menu
  <div
    class="Home"
  >
    <p>
      WeatherBeats generates a playlist based on the weather in your area.
    </p>
    <a
      href="https://weatherbeats-staging.herokuapp.com/login"
    >
      <button>
        Spotify
      </button>
    </a>
  </div>
</DocumentFragment>
`;
