// Jest Snapshot v1, https://goo.gl/fbAQLP

exports[`App component renders App 1`] = `
<DocumentFragment>
  <div
    class="Header"
  >
    <div
      class="DropDown false"
    >
      <img
        alt="menu"
        src="/images/menu.png"
      />
      <div
        class="DropContent"
      >
        <span>
          <a
            href="/"
          >
            Home
          </a>
        </span>
        <span>
          <a
            href="/player"
          >
            Player
          </a>
        </span>
        <span>
          <a
            href="/about"
          >
            About Us
          </a>
        </span>
        <span>
          <a
            href="/faq"
          >
            FAQ
          </a>
        </span>
      </div>
    </div>
    <h1>
      WeatherBeats
    </h1>
  </div>
  <div
    class="Home"
  >
    <p>
      <i>
        weather-inspired playlists based on the weather in your area
      </i>
    </p>
    <a
      href="https://weatherbeats-staging.herokuapp.com/login"
    >
      <img
        alt="Spotify logo"
        src="/path/image"
      />
    </a>
  </div>
</DocumentFragment>
`;
